// Jest Snapshot v1, https://goo.gl/fbAQLP

exports[`PokemonOptions component debe de hacer match con el snapshot 1`] = `
<div class="options-container">
  <ul>
    <li>
      <!-- emito el evento selection (obligatorio) y como segundo parametro un valor -->pikachu
    </li>
    <li>
      <!-- emito el evento selection (obligatorio) y como segundo parametro un valor -->charmander
    </li>
    <li>
      <!-- emito el evento selection (obligatorio) y como segundo parametro un valor -->venusaur
    </li>
    <li>
      <!-- emito el evento selection (obligatorio) y como segundo parametro un valor -->mew
    </li>
  </ul>
</div>
`;
